Attempted to update or delete an entity that does not exist in the store.